
> react-kavia@0.1.0 start
> cross-env EDIT_MODE=true webpack serve --config .ve/webpack.config.js --mode development

<i> [webpack-dev-server] Project is running at:
<i> [webpack-dev-server] Loopback: http://localhost:3000/, http://[::1]:3000/
<i> [webpack-dev-server] On Your Network (IPv4): http://172.17.0.2:3000/
<i> [webpack-dev-server] Content not from webpack is served from './public' directory
Injecting EditorRootWrapper import: ../.ve/EditorRootWrapper
asset bundle.js 1.42 MiB [emitted] (name: main)
asset index.html 1.98 KiB [emitted]
runtime modules 27.5 KiB 14 modules
modules by path ./node_modules/ 1.24 MiB 31 modules
modules by path ./src/ 34.8 KiB
  modules by path ./src/*.css 19.9 KiB 4 modules
  modules by path ./src/*.js 14.8 KiB
    ./src/index.js 530 bytes [built] [code generated]
    + 2 modules
modules by path ./.ve/ 15.1 KiB
  modules by path ./.ve/*.js 10.6 KiB
    ./.ve/EditorRootWrapper.js 2.68 KiB [built] [code generated]
    ./.ve/SidePanel.js 7.93 KiB [built] [code generated]
  modules by path ./.ve/*.css 2.93 KiB
    ./.ve/EditorOverlay.css 2.25 KiB [built] [code generated]
    ./node_modules/css-loader/dist/cjs.js!./.ve/EditorOverlay.css 697 bytes [built] [code generated]
  ./.ve/EditorOverlay.jsx 1.58 KiB [built] [code generated]
webpack 5.99.9 compiled successfully in 1335 ms
assets by status 1.98 KiB [cached] 1 asset
assets by path *.js 1.44 MiB
  asset bundle.js 1.42 MiB [emitted] (name: main)
  asset main.6b5f2f1533e84c36c8de.hot-update.js 17.6 KiB [emitted] [immutable] [hmr] (name: main)
asset main.6b5f2f1533e84c36c8de.hot-update.json 28 bytes [emitted] [immutable] [hmr]
Entrypoint main 1.44 MiB = bundle.js 1.42 MiB main.6b5f2f1533e84c36c8de.hot-update.js 17.6 KiB
cached modules 1.27 MiB [cached] 42 modules
runtime modules 27.5 KiB 14 modules
./src/MainContainer.js 13.7 KiB [built] [code generated]
webpack 5.99.9 compiled successfully in 178 ms
assets by status 1.98 KiB [cached] 1 asset
assets by path *.js 1.44 MiB
  asset bundle.js 1.42 MiB [emitted] (name: main)
  asset main.ab458c9eda5e831368f5.hot-update.js 17.6 KiB [emitted] [immutable] [hmr] (name: main)
asset main.ab458c9eda5e831368f5.hot-update.json 28 bytes [emitted] [immutable] [hmr]
Entrypoint main 1.44 MiB = bundle.js 1.42 MiB main.ab458c9eda5e831368f5.hot-update.js 17.6 KiB
cached modules 1.27 MiB [cached] 42 modules
runtime modules 27.5 KiB 14 modules
./src/MainContainer.js 13.7 KiB [built] [code generated]
webpack 5.99.9 compiled successfully in 110 ms
assets by status 1.98 KiB [cached] 1 asset
assets by path *.js 1.44 MiB
  asset bundle.js 1.42 MiB [emitted] (name: main)
  asset main.ae427c4ba5d129b86f1a.hot-update.js 17.8 KiB [emitted] [immutable] [hmr] (name: main)
asset main.ae427c4ba5d129b86f1a.hot-update.json 28 bytes [emitted] [immutable] [hmr]
Entrypoint main 1.44 MiB = bundle.js 1.42 MiB main.ae427c4ba5d129b86f1a.hot-update.js 17.8 KiB
cached modules 1.27 MiB [cached] 42 modules
runtime modules 27.5 KiB 14 modules
./node_modules/css-loader/dist/cjs.js!./src/App.css 14.7 KiB [built] [code generated]
webpack 5.99.9 compiled successfully in 69 ms
assets by status 1.98 KiB [cached] 1 asset
assets by path *.js 1.68 MiB
  asset bundle.js 1.54 MiB [emitted] (name: main)
  asset main.4d237283a903b19ad64e.hot-update.js 141 KiB [emitted] [immutable] [hmr] (name: main)
asset main.4d237283a903b19ad64e.hot-update.json 28 bytes [emitted] [immutable] [hmr]
Entrypoint main 1.68 MiB = bundle.js 1.54 MiB main.4d237283a903b19ad64e.hot-update.js 141 KiB
cached modules 1.27 MiB [cached] 42 modules
runtime modules 27.5 KiB 14 modules
./node_modules/css-loader/dist/cjs.js!./src/App.css 133 KiB [built] [code generated]
webpack 5.99.9 compiled successfully in 131 ms
assets by status 1.98 KiB [cached] 1 asset
assets by path *.js 1.56 MiB
  asset bundle.js 1.54 MiB [emitted] (name: main)
  asset main.73c9ac46b05d01780e09.hot-update.js 17.5 KiB [emitted] [immutable] [hmr] (name: main)
asset main.73c9ac46b05d01780e09.hot-update.json 28 bytes [emitted] [immutable] [hmr]
Entrypoint main 1.56 MiB = bundle.js 1.54 MiB main.73c9ac46b05d01780e09.hot-update.js 17.5 KiB
cached modules 1.39 MiB [cached] 42 modules
runtime modules 27.5 KiB 14 modules
./src/MainContainer.js 13.6 KiB [built] [code generated]
webpack 5.99.9 compiled successfully in 128 ms
